cat: 1 2 4
dog: 2 4
ran: 2
sat: 1 4
